[0]
[0]->[2]->[10]->[12]->[21]->[23]->[1]
[0]->[2]
[0]->[2]->[10]->[12]->[21]->[23]->[1]->[3]
[0]->[16]->[19]->[20]->[25]->[4]
[0]->[2]->[10]->[12]->[21]->[23]->[1]->[5]
no path found
[0]->[16]->[19]->[7]
[0]->[2]->[10]->[12]->[21]->[23]->[1]->[3]->[27]->[8]
[0]->[16]->[19]->[24]->[26]->[9]
[0]->[2]->[10]
[0]->[16]->[19]->[7]->[11]
[0]->[2]->[10]->[12]
[0]->[2]->[10]->[12]->[21]->[23]->[1]->[3]->[27]->[8]->[13]
no path found
[0]->[16]->[19]->[7]->[15]
[0]->[16]
[0]->[2]->[10]->[12]->[17]
[0]->[16]->[19]->[7]->[15]->[18]
[0]->[16]->[19]
[0]->[16]->[19]->[20]
[0]->[2]->[10]->[12]->[21]
[0]->[16]->[19]->[20]->[25]->[4]->[22]
[0]->[2]->[10]->[12]->[21]->[23]
[0]->[16]->[19]->[24]
[0]->[16]->[19]->[20]->[25]
[0]->[16]->[19]->[24]->[26]
[0]->[2]->[10]->[12]->[21]->[23]->[1]->[3]->[27]
no path found
[0]->[2]->[10]->[12]->[21]->[23]->[1]->[3]->[27]->[8]->[13]->[29]
