[1]->[3]->[5]->[10]->[12]->[17]->[21]->[23]->[0]
[1]
[1]->[2]
[1]->[3]
[1]->[3]->[5]->[10]->[12]->[17]->[21]->[23]->[0]->[16]->[19]->[20]->[25]->[4]
[1]->[3]->[5]
no path found
[1]->[3]->[5]->[10]->[12]->[17]->[21]->[23]->[0]->[16]->[19]->[7]
[1]->[3]->[27]->[8]
[1]->[3]->[5]->[10]->[12]->[17]->[21]->[23]->[0]->[16]->[19]->[24]->[26]->[9]
[1]->[3]->[5]->[10]
[1]->[3]->[5]->[10]->[12]->[17]->[21]->[23]->[0]->[16]->[19]->[7]->[11]
[1]->[3]->[5]->[10]->[12]
[1]->[3]->[27]->[8]->[13]
no path found
[1]->[3]->[5]->[10]->[12]->[17]->[21]->[23]->[0]->[16]->[19]->[7]->[15]
[1]->[3]->[5]->[10]->[12]->[17]->[21]->[23]->[0]->[16]
[1]->[3]->[5]->[10]->[12]->[17]
[1]->[3]->[5]->[10]->[12]->[17]->[21]->[23]->[0]->[16]->[19]->[7]->[15]->[18]
[1]->[3]->[5]->[10]->[12]->[17]->[21]->[23]->[0]->[16]->[19]
[1]->[3]->[5]->[10]->[12]->[17]->[21]->[23]->[0]->[16]->[19]->[20]
[1]->[3]->[5]->[10]->[12]->[17]->[21]
[1]->[3]->[5]->[10]->[12]->[17]->[21]->[23]->[0]->[16]->[19]->[20]->[25]->[4]->[22]
[1]->[3]->[5]->[10]->[12]->[17]->[21]->[23]
[1]->[3]->[5]->[10]->[12]->[17]->[21]->[23]->[0]->[16]->[19]->[24]
[1]->[3]->[5]->[10]->[12]->[17]->[21]->[23]->[0]->[16]->[19]->[20]->[25]
[1]->[3]->[5]->[10]->[12]->[17]->[21]->[23]->[0]->[16]->[19]->[24]->[26]
[1]->[3]->[27]
no path found
[1]->[3]->[27]->[8]->[13]->[29]
