[10]->[0]
[10]->[1]
[10]->[1]->[2]
[10]->[1]->[3]
[10]->[0]->[16]->[19]->[20]->[25]->[4]
[10]->[1]->[3]->[5]
no path found
[10]->[0]->[16]->[19]->[7]
[10]->[1]->[3]->[27]->[8]
[10]->[0]->[16]->[19]->[24]->[26]->[9]
[10]
[10]->[0]->[16]->[19]->[7]->[11]
[10]->[1]->[3]->[5]->[12]
[10]->[1]->[3]->[27]->[8]->[13]
no path found
[10]->[0]->[16]->[19]->[7]->[15]
[10]->[0]->[16]
[10]->[1]->[3]->[5]->[12]->[17]
[10]->[0]->[16]->[19]->[7]->[15]->[18]
[10]->[0]->[16]->[19]
[10]->[0]->[16]->[19]->[20]
[10]->[1]->[3]->[5]->[12]->[17]->[21]
[10]->[0]->[16]->[19]->[20]->[25]->[4]->[22]
[10]->[1]->[3]->[5]->[12]->[17]->[21]->[23]
[10]->[0]->[16]->[19]->[24]
[10]->[0]->[16]->[19]->[20]->[25]
[10]->[0]->[16]->[19]->[24]->[26]
[10]->[1]->[3]->[27]
no path found
[10]->[1]->[3]->[27]->[8]->[13]->[29]
