[11]->[7]->[16]->[18]->[19]->[0]
[11]->[7]->[16]->[18]->[19]->[0]->[2]->[10]->[12]->[21]->[23]->[1]
[11]->[7]->[16]->[18]->[19]->[0]->[2]
[11]->[7]->[16]->[18]->[19]->[0]->[2]->[10]->[12]->[21]->[23]->[1]->[3]
[11]->[7]->[16]->[18]->[19]->[20]->[25]->[4]
[11]->[7]->[16]->[18]->[19]->[0]->[2]->[10]->[12]->[21]->[23]->[1]->[5]
no path found
[11]->[7]
[11]->[7]->[16]->[18]->[19]->[0]->[2]->[10]->[12]->[21]->[23]->[1]->[3]->[27]->[8]
[11]->[9]
[11]->[7]->[16]->[18]->[19]->[0]->[2]->[10]
[11]
[11]->[7]->[16]->[18]->[19]->[0]->[2]->[10]->[12]
[11]->[7]->[16]->[18]->[19]->[0]->[2]->[10]->[12]->[21]->[23]->[1]->[3]->[27]->[8]->[13]
no path found
[11]->[7]->[16]->[18]->[19]->[24]->[26]->[15]
[11]->[7]->[16]
[11]->[7]->[16]->[18]->[19]->[0]->[2]->[10]->[12]->[17]
[11]->[7]->[16]->[18]
[11]->[7]->[16]->[18]->[19]
[11]->[7]->[16]->[18]->[19]->[20]
[11]->[7]->[16]->[18]->[19]->[0]->[2]->[10]->[12]->[21]
[11]->[7]->[16]->[18]->[19]->[20]->[25]->[4]->[22]
[11]->[7]->[16]->[18]->[19]->[0]->[2]->[10]->[12]->[21]->[23]
[11]->[7]->[16]->[18]->[19]->[24]
[11]->[7]->[16]->[18]->[19]->[20]->[25]
[11]->[7]->[16]->[18]->[19]->[24]->[26]
[11]->[7]->[16]->[18]->[19]->[0]->[2]->[10]->[12]->[21]->[23]->[1]->[3]->[27]
no path found
[11]->[7]->[16]->[18]->[19]->[0]->[2]->[10]->[12]->[21]->[23]->[1]->[3]->[27]->[8]->[13]->[29]
