[12]->[0]
[12]->[1]
[12]->[1]->[2]
[12]->[1]->[2]->[5]->[10]->[3]
[12]->[0]->[16]->[19]->[20]->[25]->[4]
[12]->[1]->[2]->[5]
no path found
[12]->[0]->[16]->[19]->[7]
[12]->[1]->[2]->[5]->[10]->[3]->[27]->[8]
[12]->[0]->[16]->[19]->[24]->[26]->[9]
[12]->[1]->[2]->[5]->[10]
[12]->[0]->[16]->[19]->[7]->[11]
[12]
[12]->[1]->[2]->[5]->[10]->[3]->[27]->[8]->[13]
no path found
[12]->[0]->[16]->[19]->[7]->[15]
[12]->[0]->[16]
[12]->[1]->[2]->[5]->[10]->[17]
[12]->[0]->[16]->[19]->[7]->[15]->[18]
[12]->[0]->[16]->[19]
[12]->[0]->[16]->[19]->[20]
[12]->[1]->[2]->[5]->[10]->[17]->[21]
[12]->[0]->[16]->[19]->[20]->[25]->[4]->[22]
[12]->[1]->[2]->[5]->[10]->[17]->[21]->[23]
[12]->[0]->[16]->[19]->[24]
[12]->[0]->[16]->[19]->[20]->[25]
[12]->[0]->[16]->[19]->[24]->[26]
[12]->[1]->[2]->[5]->[10]->[3]->[27]
no path found
[12]->[1]->[2]->[5]->[10]->[3]->[27]->[8]->[13]->[29]
