[13]->[8]->[27]->[3]->[1]->[5]->[10]->[17]->[21]->[23]->[0]
[13]->[8]->[27]->[3]->[1]
[13]->[8]->[27]->[3]->[1]->[5]->[10]->[17]->[2]
[13]->[8]->[27]->[3]
[13]->[8]->[27]->[3]->[1]->[5]->[10]->[17]->[21]->[23]->[0]->[16]->[19]->[20]->[25]->[4]
[13]->[8]->[27]->[3]->[1]->[5]
no path found
[13]->[8]->[27]->[3]->[1]->[5]->[10]->[17]->[21]->[23]->[0]->[16]->[19]->[7]
[13]->[8]
[13]->[8]->[27]->[3]->[1]->[5]->[10]->[17]->[21]->[23]->[0]->[16]->[19]->[24]->[26]->[9]
[13]->[8]->[27]->[3]->[1]->[5]->[10]
[13]->[8]->[27]->[3]->[1]->[5]->[10]->[17]->[21]->[23]->[0]->[16]->[19]->[7]->[11]
[13]->[8]->[27]->[3]->[1]->[5]->[10]->[12]
[13]
no path found
[13]->[8]->[27]->[3]->[1]->[5]->[10]->[17]->[21]->[23]->[0]->[16]->[19]->[7]->[15]
[13]->[8]->[27]->[3]->[1]->[5]->[10]->[17]->[21]->[23]->[0]->[16]
[13]->[8]->[27]->[3]->[1]->[5]->[10]->[17]
[13]->[8]->[27]->[3]->[1]->[5]->[10]->[17]->[21]->[23]->[0]->[16]->[19]->[7]->[15]->[18]
[13]->[8]->[27]->[3]->[1]->[5]->[10]->[17]->[21]->[23]->[0]->[16]->[19]
[13]->[8]->[27]->[3]->[1]->[5]->[10]->[17]->[21]->[23]->[0]->[16]->[19]->[20]
[13]->[8]->[27]->[3]->[1]->[5]->[10]->[17]->[21]
[13]->[8]->[27]->[3]->[1]->[5]->[10]->[17]->[21]->[23]->[0]->[16]->[19]->[20]->[25]->[4]->[22]
[13]->[8]->[27]->[3]->[1]->[5]->[10]->[17]->[21]->[23]
[13]->[8]->[27]->[3]->[1]->[5]->[10]->[17]->[21]->[23]->[0]->[16]->[19]->[24]
[13]->[8]->[27]->[3]->[1]->[5]->[10]->[17]->[21]->[23]->[0]->[16]->[19]->[20]->[25]
[13]->[8]->[27]->[3]->[1]->[5]->[10]->[17]->[21]->[23]->[0]->[16]->[19]->[24]->[26]
[13]->[8]->[27]
no path found
[13]->[8]->[27]->[29]
