[15]->[7]->[16]->[18]->[19]->[0]
[15]->[7]->[16]->[18]->[19]->[0]->[2]->[10]->[12]->[21]->[23]->[1]
[15]->[7]->[16]->[18]->[19]->[0]->[2]
[15]->[7]->[16]->[18]->[19]->[0]->[2]->[10]->[12]->[21]->[23]->[1]->[3]
[15]->[7]->[16]->[18]->[19]->[20]->[25]->[4]
[15]->[7]->[16]->[18]->[19]->[0]->[2]->[10]->[12]->[21]->[23]->[1]->[5]
no path found
[15]->[7]
[15]->[7]->[16]->[18]->[19]->[0]->[2]->[10]->[12]->[21]->[23]->[1]->[3]->[27]->[8]
[15]->[7]->[16]->[18]->[19]->[24]->[26]->[9]
[15]->[7]->[16]->[18]->[19]->[0]->[2]->[10]
[15]->[7]->[16]->[18]->[19]->[24]->[26]->[11]
[15]->[7]->[16]->[18]->[19]->[0]->[2]->[10]->[12]
[15]->[7]->[16]->[18]->[19]->[0]->[2]->[10]->[12]->[21]->[23]->[1]->[3]->[27]->[8]->[13]
no path found
[15]
[15]->[7]->[16]
[15]->[7]->[16]->[18]->[19]->[0]->[2]->[10]->[12]->[17]
[15]->[7]->[16]->[18]
[15]->[7]->[16]->[18]->[19]
[15]->[7]->[16]->[18]->[19]->[20]
[15]->[7]->[16]->[18]->[19]->[0]->[2]->[10]->[12]->[21]
[15]->[7]->[16]->[18]->[19]->[20]->[25]->[4]->[22]
[15]->[7]->[16]->[18]->[19]->[0]->[2]->[10]->[12]->[21]->[23]
[15]->[7]->[16]->[18]->[19]->[24]
[15]->[7]->[16]->[18]->[19]->[20]->[25]
[15]->[7]->[16]->[18]->[19]->[24]->[26]
[15]->[7]->[16]->[18]->[19]->[0]->[2]->[10]->[12]->[21]->[23]->[1]->[3]->[27]
no path found
[15]->[7]->[16]->[18]->[19]->[0]->[2]->[10]->[12]->[21]->[23]->[1]->[3]->[27]->[8]->[13]->[29]
