[16]->[0]
[16]->[0]->[2]->[10]->[12]->[21]->[23]->[1]
[16]->[0]->[2]
[16]->[0]->[2]->[10]->[12]->[21]->[23]->[1]->[3]
[16]->[7]->[15]->[18]->[19]->[20]->[25]->[4]
[16]->[0]->[2]->[10]->[12]->[21]->[23]->[1]->[5]
no path found
[16]->[7]
[16]->[0]->[2]->[10]->[12]->[21]->[23]->[1]->[3]->[27]->[8]
[16]->[7]->[15]->[18]->[19]->[24]->[26]->[9]
[16]->[0]->[2]->[10]
[16]->[7]->[11]
[16]->[0]->[2]->[10]->[12]
[16]->[0]->[2]->[10]->[12]->[21]->[23]->[1]->[3]->[27]->[8]->[13]
no path found
[16]->[7]->[15]
[16]
[16]->[0]->[2]->[10]->[12]->[17]
[16]->[7]->[15]->[18]
[16]->[7]->[15]->[18]->[19]
[16]->[7]->[15]->[18]->[19]->[20]
[16]->[0]->[2]->[10]->[12]->[21]
[16]->[7]->[15]->[18]->[19]->[20]->[25]->[4]->[22]
[16]->[0]->[2]->[10]->[12]->[21]->[23]
[16]->[7]->[15]->[18]->[19]->[24]
[16]->[7]->[15]->[18]->[19]->[20]->[25]
[16]->[7]->[15]->[18]->[19]->[24]->[26]
[16]->[0]->[2]->[10]->[12]->[21]->[23]->[1]->[3]->[27]
no path found
[16]->[0]->[2]->[10]->[12]->[21]->[23]->[1]->[3]->[27]->[8]->[13]->[29]
