[17]->[1]->[3]->[5]->[10]->[12]->[21]->[23]->[0]
[17]->[1]
[17]->[1]->[2]
[17]->[1]->[3]
[17]->[1]->[3]->[5]->[10]->[12]->[21]->[23]->[0]->[16]->[19]->[20]->[25]->[4]
[17]->[1]->[3]->[5]
no path found
[17]->[1]->[3]->[5]->[10]->[12]->[21]->[23]->[0]->[16]->[19]->[7]
[17]->[1]->[3]->[27]->[8]
[17]->[1]->[3]->[5]->[10]->[12]->[21]->[23]->[0]->[16]->[19]->[24]->[26]->[9]
[17]->[1]->[3]->[5]->[10]
[17]->[1]->[3]->[5]->[10]->[12]->[21]->[23]->[0]->[16]->[19]->[7]->[11]
[17]->[1]->[3]->[5]->[10]->[12]
[17]->[1]->[3]->[27]->[8]->[13]
no path found
[17]->[1]->[3]->[5]->[10]->[12]->[21]->[23]->[0]->[16]->[19]->[7]->[15]
[17]->[1]->[3]->[5]->[10]->[12]->[21]->[23]->[0]->[16]
[17]
[17]->[1]->[3]->[5]->[10]->[12]->[21]->[23]->[0]->[16]->[19]->[7]->[15]->[18]
[17]->[1]->[3]->[5]->[10]->[12]->[21]->[23]->[0]->[16]->[19]
[17]->[1]->[3]->[5]->[10]->[12]->[21]->[23]->[0]->[16]->[19]->[20]
[17]->[1]->[3]->[5]->[10]->[12]->[21]
[17]->[1]->[3]->[5]->[10]->[12]->[21]->[23]->[0]->[16]->[19]->[20]->[25]->[4]->[22]
[17]->[1]->[3]->[5]->[10]->[12]->[21]->[23]
[17]->[1]->[3]->[5]->[10]->[12]->[21]->[23]->[0]->[16]->[19]->[24]
[17]->[1]->[3]->[5]->[10]->[12]->[21]->[23]->[0]->[16]->[19]->[20]->[25]
[17]->[1]->[3]->[5]->[10]->[12]->[21]->[23]->[0]->[16]->[19]->[24]->[26]
[17]->[1]->[3]->[27]
no path found
[17]->[1]->[3]->[27]->[8]->[13]->[29]
