[18]->[7]->[15]->[16]->[19]->[0]
[18]->[7]->[15]->[16]->[19]->[0]->[2]->[10]->[12]->[21]->[23]->[1]
[18]->[7]->[15]->[16]->[19]->[0]->[2]
[18]->[7]->[15]->[16]->[19]->[0]->[2]->[10]->[12]->[21]->[23]->[1]->[3]
[18]->[7]->[15]->[16]->[19]->[20]->[25]->[4]
[18]->[7]->[15]->[16]->[19]->[0]->[2]->[10]->[12]->[21]->[23]->[1]->[5]
no path found
[18]->[7]
[18]->[7]->[15]->[16]->[19]->[0]->[2]->[10]->[12]->[21]->[23]->[1]->[3]->[27]->[8]
[18]->[7]->[15]->[16]->[19]->[24]->[26]->[9]
[18]->[7]->[15]->[16]->[19]->[0]->[2]->[10]
[18]->[7]->[11]
[18]->[7]->[15]->[16]->[19]->[0]->[2]->[10]->[12]
[18]->[7]->[15]->[16]->[19]->[0]->[2]->[10]->[12]->[21]->[23]->[1]->[3]->[27]->[8]->[13]
no path found
[18]->[7]->[15]
[18]->[7]->[15]->[16]
[18]->[7]->[15]->[16]->[19]->[0]->[2]->[10]->[12]->[17]
[18]
[18]->[7]->[15]->[16]->[19]
[18]->[7]->[15]->[16]->[19]->[20]
[18]->[7]->[15]->[16]->[19]->[0]->[2]->[10]->[12]->[21]
[18]->[7]->[15]->[16]->[19]->[20]->[25]->[4]->[22]
[18]->[7]->[15]->[16]->[19]->[0]->[2]->[10]->[12]->[21]->[23]
[18]->[7]->[15]->[16]->[19]->[24]
[18]->[7]->[15]->[16]->[19]->[20]->[25]
[18]->[7]->[15]->[16]->[19]->[24]->[26]
[18]->[7]->[15]->[16]->[19]->[0]->[2]->[10]->[12]->[21]->[23]->[1]->[3]->[27]
no path found
[18]->[7]->[15]->[16]->[19]->[0]->[2]->[10]->[12]->[21]->[23]->[1]->[3]->[27]->[8]->[13]->[29]
