[19]->[0]
[19]->[0]->[2]->[10]->[12]->[21]->[23]->[1]
[19]->[0]->[2]
[19]->[0]->[2]->[10]->[12]->[21]->[23]->[1]->[3]
[19]->[7]->[15]->[16]->[18]->[20]->[25]->[4]
[19]->[0]->[2]->[10]->[12]->[21]->[23]->[1]->[5]
no path found
[19]->[7]
[19]->[0]->[2]->[10]->[12]->[21]->[23]->[1]->[3]->[27]->[8]
[19]->[7]->[15]->[16]->[18]->[24]->[26]->[9]
[19]->[0]->[2]->[10]
[19]->[7]->[11]
[19]->[0]->[2]->[10]->[12]
[19]->[0]->[2]->[10]->[12]->[21]->[23]->[1]->[3]->[27]->[8]->[13]
no path found
[19]->[7]->[15]
[19]->[7]->[15]->[16]
[19]->[0]->[2]->[10]->[12]->[17]
[19]->[7]->[15]->[16]->[18]
[19]
[19]->[7]->[15]->[16]->[18]->[20]
[19]->[0]->[2]->[10]->[12]->[21]
[19]->[7]->[15]->[16]->[18]->[20]->[25]->[4]->[22]
[19]->[0]->[2]->[10]->[12]->[21]->[23]
[19]->[7]->[15]->[16]->[18]->[24]
[19]->[7]->[15]->[16]->[18]->[20]->[25]
[19]->[7]->[15]->[16]->[18]->[24]->[26]
[19]->[0]->[2]->[10]->[12]->[21]->[23]->[1]->[3]->[27]
no path found
[19]->[0]->[2]->[10]->[12]->[21]->[23]->[1]->[3]->[27]->[8]->[13]->[29]
