[2]->[0]
[2]->[1]
[2]
[2]->[1]->[5]->[10]->[3]
[2]->[0]->[16]->[19]->[20]->[25]->[4]
[2]->[1]->[5]
no path found
[2]->[0]->[16]->[19]->[7]
[2]->[1]->[5]->[10]->[3]->[27]->[8]
[2]->[0]->[16]->[19]->[24]->[26]->[9]
[2]->[1]->[5]->[10]
[2]->[0]->[16]->[19]->[7]->[11]
[2]->[1]->[5]->[10]->[12]
[2]->[1]->[5]->[10]->[3]->[27]->[8]->[13]
no path found
[2]->[0]->[16]->[19]->[7]->[15]
[2]->[0]->[16]
[2]->[1]->[5]->[10]->[12]->[17]
[2]->[0]->[16]->[19]->[7]->[15]->[18]
[2]->[0]->[16]->[19]
[2]->[0]->[16]->[19]->[20]
[2]->[1]->[5]->[10]->[12]->[17]->[21]
[2]->[0]->[16]->[19]->[20]->[25]->[4]->[22]
[2]->[1]->[5]->[10]->[12]->[17]->[21]->[23]
[2]->[0]->[16]->[19]->[24]
[2]->[0]->[16]->[19]->[20]->[25]
[2]->[0]->[16]->[19]->[24]->[26]
[2]->[1]->[5]->[10]->[3]->[27]
no path found
[2]->[1]->[5]->[10]->[3]->[27]->[8]->[13]->[29]
