[20]->[7]->[15]->[16]->[18]->[19]->[0]
[20]->[7]->[15]->[16]->[18]->[19]->[0]->[2]->[10]->[12]->[21]->[23]->[1]
[20]->[7]->[15]->[16]->[18]->[19]->[0]->[2]
[20]->[7]->[15]->[16]->[18]->[19]->[0]->[2]->[10]->[12]->[21]->[23]->[1]->[3]
[20]->[25]->[4]
[20]->[7]->[15]->[16]->[18]->[19]->[0]->[2]->[10]->[12]->[21]->[23]->[1]->[5]
no path found
[20]->[7]
[20]->[7]->[15]->[16]->[18]->[19]->[0]->[2]->[10]->[12]->[21]->[23]->[1]->[3]->[27]->[8]
[20]->[7]->[15]->[16]->[18]->[19]->[24]->[26]->[9]
[20]->[7]->[15]->[16]->[18]->[19]->[0]->[2]->[10]
[20]->[7]->[15]->[16]->[18]->[19]->[11]
[20]->[7]->[15]->[16]->[18]->[19]->[0]->[2]->[10]->[12]
[20]->[7]->[15]->[16]->[18]->[19]->[0]->[2]->[10]->[12]->[21]->[23]->[1]->[3]->[27]->[8]->[13]
no path found
[20]->[7]->[15]
[20]->[7]->[15]->[16]
[20]->[7]->[15]->[16]->[18]->[19]->[0]->[2]->[10]->[12]->[17]
[20]->[7]->[15]->[16]->[18]
[20]->[7]->[15]->[16]->[18]->[19]
[20]
[20]->[7]->[15]->[16]->[18]->[19]->[0]->[2]->[10]->[12]->[21]
[20]->[25]->[4]->[22]
[20]->[7]->[15]->[16]->[18]->[19]->[0]->[2]->[10]->[12]->[21]->[23]
[20]->[7]->[15]->[16]->[18]->[19]->[24]
[20]->[25]
[20]->[7]->[15]->[16]->[18]->[19]->[24]->[26]
[20]->[7]->[15]->[16]->[18]->[19]->[0]->[2]->[10]->[12]->[21]->[23]->[1]->[3]->[27]
no path found
[20]->[7]->[15]->[16]->[18]->[19]->[0]->[2]->[10]->[12]->[21]->[23]->[1]->[3]->[27]->[8]->[13]->[29]
