[21]->[0]
[21]->[1]
[21]->[1]->[2]
[21]->[1]->[2]->[5]->[10]->[3]
[21]->[0]->[16]->[19]->[20]->[25]->[4]
[21]->[1]->[2]->[5]
no path found
[21]->[0]->[16]->[19]->[7]
[21]->[1]->[2]->[5]->[10]->[3]->[27]->[8]
[21]->[0]->[16]->[19]->[24]->[26]->[9]
[21]->[1]->[2]->[5]->[10]
[21]->[0]->[16]->[19]->[7]->[11]
[21]->[1]->[2]->[5]->[10]->[12]
[21]->[1]->[2]->[5]->[10]->[3]->[27]->[8]->[13]
no path found
[21]->[0]->[16]->[19]->[7]->[15]
[21]->[0]->[16]
[21]->[1]->[2]->[5]->[10]->[12]->[17]
[21]->[0]->[16]->[19]->[7]->[15]->[18]
[21]->[0]->[16]->[19]
[21]->[0]->[16]->[19]->[20]
[21]
[21]->[0]->[16]->[19]->[20]->[25]->[4]->[22]
[21]->[1]->[2]->[5]->[10]->[12]->[17]->[23]
[21]->[0]->[16]->[19]->[24]
[21]->[0]->[16]->[19]->[20]->[25]
[21]->[0]->[16]->[19]->[24]->[26]
[21]->[1]->[2]->[5]->[10]->[3]->[27]
no path found
[21]->[1]->[2]->[5]->[10]->[3]->[27]->[8]->[13]->[29]
