[22]->[4]->[25]->[20]->[7]->[15]->[16]->[18]->[19]->[0]
[22]->[4]->[25]->[20]->[7]->[15]->[16]->[18]->[19]->[0]->[2]->[10]->[12]->[21]->[23]->[1]
[22]->[4]->[25]->[20]->[7]->[15]->[16]->[18]->[19]->[0]->[2]
[22]->[4]->[25]->[20]->[7]->[15]->[16]->[18]->[19]->[0]->[2]->[10]->[12]->[21]->[23]->[1]->[3]
[22]->[4]
[22]->[4]->[25]->[20]->[7]->[15]->[16]->[18]->[19]->[0]->[2]->[10]->[12]->[21]->[23]->[1]->[5]
no path found
[22]->[4]->[25]->[20]->[7]
[22]->[4]->[25]->[20]->[7]->[15]->[16]->[18]->[19]->[0]->[2]->[10]->[12]->[21]->[23]->[1]->[3]->[27]->[8]
[22]->[4]->[25]->[20]->[7]->[15]->[16]->[18]->[19]->[24]->[26]->[9]
[22]->[4]->[25]->[20]->[7]->[15]->[16]->[18]->[19]->[0]->[2]->[10]
[22]->[4]->[25]->[20]->[7]->[15]->[16]->[18]->[19]->[11]
[22]->[4]->[25]->[20]->[7]->[15]->[16]->[18]->[19]->[0]->[2]->[10]->[12]
[22]->[4]->[25]->[20]->[7]->[15]->[16]->[18]->[19]->[0]->[2]->[10]->[12]->[21]->[23]->[1]->[3]->[27]->[8]->[13]
no path found
[22]->[4]->[25]->[20]->[7]->[15]
[22]->[4]->[25]->[20]->[7]->[15]->[16]
[22]->[4]->[25]->[20]->[7]->[15]->[16]->[18]->[19]->[0]->[2]->[10]->[12]->[17]
[22]->[4]->[25]->[20]->[7]->[15]->[16]->[18]
[22]->[4]->[25]->[20]->[7]->[15]->[16]->[18]->[19]
[22]->[4]->[25]->[20]
[22]->[4]->[25]->[20]->[7]->[15]->[16]->[18]->[19]->[0]->[2]->[10]->[12]->[21]
[22]
[22]->[4]->[25]->[20]->[7]->[15]->[16]->[18]->[19]->[0]->[2]->[10]->[12]->[21]->[23]
[22]->[4]->[25]->[20]->[7]->[15]->[16]->[18]->[19]->[24]
[22]->[4]->[25]
[22]->[4]->[25]->[20]->[7]->[15]->[16]->[18]->[19]->[24]->[26]
[22]->[4]->[25]->[20]->[7]->[15]->[16]->[18]->[19]->[0]->[2]->[10]->[12]->[21]->[23]->[1]->[3]->[27]
no path found
[22]->[4]->[25]->[20]->[7]->[15]->[16]->[18]->[19]->[0]->[2]->[10]->[12]->[21]->[23]->[1]->[3]->[27]->[8]->[13]->[29]
