[23]->[0]
[23]->[1]
[23]->[1]->[2]
[23]->[1]->[2]->[5]->[10]->[3]
[23]->[0]->[16]->[19]->[20]->[25]->[4]
[23]->[1]->[2]->[5]
no path found
[23]->[0]->[16]->[19]->[7]
[23]->[1]->[2]->[5]->[10]->[3]->[27]->[8]
[23]->[0]->[16]->[19]->[24]->[26]->[9]
[23]->[1]->[2]->[5]->[10]
[23]->[0]->[16]->[19]->[7]->[11]
[23]->[1]->[2]->[5]->[10]->[12]
[23]->[1]->[2]->[5]->[10]->[3]->[27]->[8]->[13]
no path found
[23]->[0]->[16]->[19]->[7]->[15]
[23]->[0]->[16]
[23]->[1]->[2]->[5]->[10]->[12]->[17]
[23]->[0]->[16]->[19]->[7]->[15]->[18]
[23]->[0]->[16]->[19]
[23]->[0]->[16]->[19]->[20]
[23]->[1]->[2]->[5]->[10]->[12]->[17]->[21]
[23]->[0]->[16]->[19]->[20]->[25]->[4]->[22]
[23]
[23]->[0]->[16]->[19]->[24]
[23]->[0]->[16]->[19]->[20]->[25]
[23]->[0]->[16]->[19]->[24]->[26]
[23]->[1]->[2]->[5]->[10]->[3]->[27]
no path found
[23]->[1]->[2]->[5]->[10]->[3]->[27]->[8]->[13]->[29]
