[24]->[7]->[15]->[16]->[18]->[19]->[0]
[24]->[7]->[15]->[16]->[18]->[19]->[0]->[2]->[10]->[12]->[21]->[23]->[1]
[24]->[7]->[15]->[16]->[18]->[19]->[0]->[2]
[24]->[7]->[15]->[16]->[18]->[19]->[0]->[2]->[10]->[12]->[21]->[23]->[1]->[3]
[24]->[7]->[15]->[16]->[18]->[19]->[20]->[25]->[4]
[24]->[7]->[15]->[16]->[18]->[19]->[0]->[2]->[10]->[12]->[21]->[23]->[1]->[5]
no path found
[24]->[7]
[24]->[7]->[15]->[16]->[18]->[19]->[0]->[2]->[10]->[12]->[21]->[23]->[1]->[3]->[27]->[8]
[24]->[9]
[24]->[7]->[15]->[16]->[18]->[19]->[0]->[2]->[10]
[24]->[9]->[11]
[24]->[7]->[15]->[16]->[18]->[19]->[0]->[2]->[10]->[12]
[24]->[7]->[15]->[16]->[18]->[19]->[0]->[2]->[10]->[12]->[21]->[23]->[1]->[3]->[27]->[8]->[13]
no path found
[24]->[7]->[15]
[24]->[7]->[15]->[16]
[24]->[7]->[15]->[16]->[18]->[19]->[0]->[2]->[10]->[12]->[17]
[24]->[7]->[15]->[16]->[18]
[24]->[7]->[15]->[16]->[18]->[19]
[24]->[7]->[15]->[16]->[18]->[19]->[20]
[24]->[7]->[15]->[16]->[18]->[19]->[0]->[2]->[10]->[12]->[21]
[24]->[7]->[15]->[16]->[18]->[19]->[20]->[25]->[4]->[22]
[24]->[7]->[15]->[16]->[18]->[19]->[0]->[2]->[10]->[12]->[21]->[23]
[24]
[24]->[7]->[15]->[16]->[18]->[19]->[20]->[25]
[24]->[7]->[15]->[16]->[18]->[19]->[26]
[24]->[7]->[15]->[16]->[18]->[19]->[0]->[2]->[10]->[12]->[21]->[23]->[1]->[3]->[27]
no path found
[24]->[7]->[15]->[16]->[18]->[19]->[0]->[2]->[10]->[12]->[21]->[23]->[1]->[3]->[27]->[8]->[13]->[29]
