[25]->[20]->[7]->[15]->[16]->[18]->[19]->[0]
[25]->[20]->[7]->[15]->[16]->[18]->[19]->[0]->[2]->[10]->[12]->[21]->[23]->[1]
[25]->[20]->[7]->[15]->[16]->[18]->[19]->[0]->[2]
[25]->[20]->[7]->[15]->[16]->[18]->[19]->[0]->[2]->[10]->[12]->[21]->[23]->[1]->[3]
[25]->[4]
[25]->[20]->[7]->[15]->[16]->[18]->[19]->[0]->[2]->[10]->[12]->[21]->[23]->[1]->[5]
no path found
[25]->[20]->[7]
[25]->[20]->[7]->[15]->[16]->[18]->[19]->[0]->[2]->[10]->[12]->[21]->[23]->[1]->[3]->[27]->[8]
[25]->[20]->[7]->[15]->[16]->[18]->[19]->[24]->[26]->[9]
[25]->[20]->[7]->[15]->[16]->[18]->[19]->[0]->[2]->[10]
[25]->[20]->[7]->[15]->[16]->[18]->[19]->[11]
[25]->[20]->[7]->[15]->[16]->[18]->[19]->[0]->[2]->[10]->[12]
[25]->[20]->[7]->[15]->[16]->[18]->[19]->[0]->[2]->[10]->[12]->[21]->[23]->[1]->[3]->[27]->[8]->[13]
no path found
[25]->[20]->[7]->[15]
[25]->[20]->[7]->[15]->[16]
[25]->[20]->[7]->[15]->[16]->[18]->[19]->[0]->[2]->[10]->[12]->[17]
[25]->[20]->[7]->[15]->[16]->[18]
[25]->[20]->[7]->[15]->[16]->[18]->[19]
[25]->[20]
[25]->[20]->[7]->[15]->[16]->[18]->[19]->[0]->[2]->[10]->[12]->[21]
[25]->[4]->[22]
[25]->[20]->[7]->[15]->[16]->[18]->[19]->[0]->[2]->[10]->[12]->[21]->[23]
[25]->[20]->[7]->[15]->[16]->[18]->[19]->[24]
[25]
[25]->[20]->[7]->[15]->[16]->[18]->[19]->[24]->[26]
[25]->[20]->[7]->[15]->[16]->[18]->[19]->[0]->[2]->[10]->[12]->[21]->[23]->[1]->[3]->[27]
no path found
[25]->[20]->[7]->[15]->[16]->[18]->[19]->[0]->[2]->[10]->[12]->[21]->[23]->[1]->[3]->[27]->[8]->[13]->[29]
