[26]->[7]->[15]->[16]->[18]->[19]->[0]
[26]->[7]->[15]->[16]->[18]->[19]->[0]->[2]->[10]->[12]->[21]->[23]->[1]
[26]->[7]->[15]->[16]->[18]->[19]->[0]->[2]
[26]->[7]->[15]->[16]->[18]->[19]->[0]->[2]->[10]->[12]->[21]->[23]->[1]->[3]
[26]->[7]->[15]->[16]->[18]->[19]->[20]->[25]->[4]
[26]->[7]->[15]->[16]->[18]->[19]->[0]->[2]->[10]->[12]->[21]->[23]->[1]->[5]
no path found
[26]->[7]
[26]->[7]->[15]->[16]->[18]->[19]->[0]->[2]->[10]->[12]->[21]->[23]->[1]->[3]->[27]->[8]
[26]->[9]
[26]->[7]->[15]->[16]->[18]->[19]->[0]->[2]->[10]
[26]->[9]->[11]
[26]->[7]->[15]->[16]->[18]->[19]->[0]->[2]->[10]->[12]
[26]->[7]->[15]->[16]->[18]->[19]->[0]->[2]->[10]->[12]->[21]->[23]->[1]->[3]->[27]->[8]->[13]
no path found
[26]->[7]->[15]
[26]->[7]->[15]->[16]
[26]->[7]->[15]->[16]->[18]->[19]->[0]->[2]->[10]->[12]->[17]
[26]->[7]->[15]->[16]->[18]
[26]->[7]->[15]->[16]->[18]->[19]
[26]->[7]->[15]->[16]->[18]->[19]->[20]
[26]->[7]->[15]->[16]->[18]->[19]->[0]->[2]->[10]->[12]->[21]
[26]->[7]->[15]->[16]->[18]->[19]->[20]->[25]->[4]->[22]
[26]->[7]->[15]->[16]->[18]->[19]->[0]->[2]->[10]->[12]->[21]->[23]
[26]->[7]->[15]->[16]->[18]->[19]->[24]
[26]->[7]->[15]->[16]->[18]->[19]->[20]->[25]
[26]
[26]->[7]->[15]->[16]->[18]->[19]->[0]->[2]->[10]->[12]->[21]->[23]->[1]->[3]->[27]
no path found
[26]->[7]->[15]->[16]->[18]->[19]->[0]->[2]->[10]->[12]->[21]->[23]->[1]->[3]->[27]->[8]->[13]->[29]
