[27]->[3]->[1]->[5]->[10]->[17]->[21]->[23]->[0]
[27]->[3]->[1]
[27]->[3]->[1]->[5]->[10]->[17]->[2]
[27]->[3]
[27]->[3]->[1]->[5]->[10]->[17]->[21]->[23]->[0]->[16]->[19]->[20]->[25]->[4]
[27]->[3]->[1]->[5]
no path found
[27]->[3]->[1]->[5]->[10]->[17]->[21]->[23]->[0]->[16]->[19]->[7]
[27]->[8]
[27]->[3]->[1]->[5]->[10]->[17]->[21]->[23]->[0]->[16]->[19]->[24]->[26]->[9]
[27]->[3]->[1]->[5]->[10]
[27]->[3]->[1]->[5]->[10]->[17]->[21]->[23]->[0]->[16]->[19]->[7]->[11]
[27]->[3]->[1]->[5]->[10]->[12]
[27]->[8]->[13]
no path found
[27]->[3]->[1]->[5]->[10]->[17]->[21]->[23]->[0]->[16]->[19]->[7]->[15]
[27]->[3]->[1]->[5]->[10]->[17]->[21]->[23]->[0]->[16]
[27]->[3]->[1]->[5]->[10]->[17]
[27]->[3]->[1]->[5]->[10]->[17]->[21]->[23]->[0]->[16]->[19]->[7]->[15]->[18]
[27]->[3]->[1]->[5]->[10]->[17]->[21]->[23]->[0]->[16]->[19]
[27]->[3]->[1]->[5]->[10]->[17]->[21]->[23]->[0]->[16]->[19]->[20]
[27]->[3]->[1]->[5]->[10]->[17]->[21]
[27]->[3]->[1]->[5]->[10]->[17]->[21]->[23]->[0]->[16]->[19]->[20]->[25]->[4]->[22]
[27]->[3]->[1]->[5]->[10]->[17]->[21]->[23]
[27]->[3]->[1]->[5]->[10]->[17]->[21]->[23]->[0]->[16]->[19]->[24]
[27]->[3]->[1]->[5]->[10]->[17]->[21]->[23]->[0]->[16]->[19]->[20]->[25]
[27]->[3]->[1]->[5]->[10]->[17]->[21]->[23]->[0]->[16]->[19]->[24]->[26]
[27]
no path found
[27]->[8]->[13]->[29]
