no path found
no path found
no path found
no path found
no path found
no path found
no path found
no path found
no path found
no path found
no path found
no path found
no path found
no path found
[28]->[14]
no path found
no path found
no path found
no path found
no path found
no path found
no path found
no path found
no path found
no path found
no path found
no path found
no path found
[28]
no path found
