[29]->[8]->[13]->[27]->[3]->[1]->[5]->[10]->[17]->[21]->[23]->[0]
[29]->[8]->[13]->[27]->[3]->[1]
[29]->[8]->[13]->[27]->[3]->[1]->[5]->[10]->[17]->[2]
[29]->[8]->[13]->[27]->[3]
[29]->[8]->[13]->[27]->[3]->[1]->[5]->[10]->[17]->[21]->[23]->[0]->[16]->[19]->[20]->[25]->[4]
[29]->[8]->[13]->[27]->[3]->[1]->[5]
no path found
[29]->[8]->[13]->[27]->[3]->[1]->[5]->[10]->[17]->[21]->[23]->[0]->[16]->[19]->[7]
[29]->[8]
[29]->[8]->[13]->[27]->[3]->[1]->[5]->[10]->[17]->[21]->[23]->[0]->[16]->[19]->[24]->[26]->[9]
[29]->[8]->[13]->[27]->[3]->[1]->[5]->[10]
[29]->[8]->[13]->[27]->[3]->[1]->[5]->[10]->[17]->[21]->[23]->[0]->[16]->[19]->[7]->[11]
[29]->[8]->[13]->[27]->[3]->[1]->[5]->[10]->[12]
[29]->[8]->[13]
no path found
[29]->[8]->[13]->[27]->[3]->[1]->[5]->[10]->[17]->[21]->[23]->[0]->[16]->[19]->[7]->[15]
[29]->[8]->[13]->[27]->[3]->[1]->[5]->[10]->[17]->[21]->[23]->[0]->[16]
[29]->[8]->[13]->[27]->[3]->[1]->[5]->[10]->[17]
[29]->[8]->[13]->[27]->[3]->[1]->[5]->[10]->[17]->[21]->[23]->[0]->[16]->[19]->[7]->[15]->[18]
[29]->[8]->[13]->[27]->[3]->[1]->[5]->[10]->[17]->[21]->[23]->[0]->[16]->[19]
[29]->[8]->[13]->[27]->[3]->[1]->[5]->[10]->[17]->[21]->[23]->[0]->[16]->[19]->[20]
[29]->[8]->[13]->[27]->[3]->[1]->[5]->[10]->[17]->[21]
[29]->[8]->[13]->[27]->[3]->[1]->[5]->[10]->[17]->[21]->[23]->[0]->[16]->[19]->[20]->[25]->[4]->[22]
[29]->[8]->[13]->[27]->[3]->[1]->[5]->[10]->[17]->[21]->[23]
[29]->[8]->[13]->[27]->[3]->[1]->[5]->[10]->[17]->[21]->[23]->[0]->[16]->[19]->[24]
[29]->[8]->[13]->[27]->[3]->[1]->[5]->[10]->[17]->[21]->[23]->[0]->[16]->[19]->[20]->[25]
[29]->[8]->[13]->[27]->[3]->[1]->[5]->[10]->[17]->[21]->[23]->[0]->[16]->[19]->[24]->[26]
[29]->[8]->[13]->[27]
no path found
[29]
