[3]->[1]->[5]->[10]->[17]->[21]->[23]->[0]
[3]->[1]
[3]->[1]->[5]->[10]->[17]->[2]
[3]
[3]->[1]->[5]->[10]->[17]->[21]->[23]->[0]->[16]->[19]->[20]->[25]->[4]
[3]->[1]->[5]
no path found
[3]->[1]->[5]->[10]->[17]->[21]->[23]->[0]->[16]->[19]->[7]
[3]->[27]->[8]
[3]->[1]->[5]->[10]->[17]->[21]->[23]->[0]->[16]->[19]->[24]->[26]->[9]
[3]->[1]->[5]->[10]
[3]->[1]->[5]->[10]->[17]->[21]->[23]->[0]->[16]->[19]->[7]->[11]
[3]->[1]->[5]->[10]->[12]
[3]->[27]->[8]->[13]
no path found
[3]->[1]->[5]->[10]->[17]->[21]->[23]->[0]->[16]->[19]->[7]->[15]
[3]->[1]->[5]->[10]->[17]->[21]->[23]->[0]->[16]
[3]->[1]->[5]->[10]->[17]
[3]->[1]->[5]->[10]->[17]->[21]->[23]->[0]->[16]->[19]->[7]->[15]->[18]
[3]->[1]->[5]->[10]->[17]->[21]->[23]->[0]->[16]->[19]
[3]->[1]->[5]->[10]->[17]->[21]->[23]->[0]->[16]->[19]->[20]
[3]->[1]->[5]->[10]->[17]->[21]
[3]->[1]->[5]->[10]->[17]->[21]->[23]->[0]->[16]->[19]->[20]->[25]->[4]->[22]
[3]->[1]->[5]->[10]->[17]->[21]->[23]
[3]->[1]->[5]->[10]->[17]->[21]->[23]->[0]->[16]->[19]->[24]
[3]->[1]->[5]->[10]->[17]->[21]->[23]->[0]->[16]->[19]->[20]->[25]
[3]->[1]->[5]->[10]->[17]->[21]->[23]->[0]->[16]->[19]->[24]->[26]
[3]->[27]
no path found
[3]->[27]->[8]->[13]->[29]
