[4]->[22]->[25]->[20]->[7]->[15]->[16]->[18]->[19]->[0]
[4]->[22]->[25]->[20]->[7]->[15]->[16]->[18]->[19]->[0]->[2]->[10]->[12]->[21]->[23]->[1]
[4]->[22]->[25]->[20]->[7]->[15]->[16]->[18]->[19]->[0]->[2]
[4]->[22]->[25]->[20]->[7]->[15]->[16]->[18]->[19]->[0]->[2]->[10]->[12]->[21]->[23]->[1]->[3]
[4]
[4]->[22]->[25]->[20]->[7]->[15]->[16]->[18]->[19]->[0]->[2]->[10]->[12]->[21]->[23]->[1]->[5]
no path found
[4]->[22]->[25]->[20]->[7]
[4]->[22]->[25]->[20]->[7]->[15]->[16]->[18]->[19]->[0]->[2]->[10]->[12]->[21]->[23]->[1]->[3]->[27]->[8]
[4]->[22]->[25]->[20]->[7]->[15]->[16]->[18]->[19]->[24]->[26]->[9]
[4]->[22]->[25]->[20]->[7]->[15]->[16]->[18]->[19]->[0]->[2]->[10]
[4]->[22]->[25]->[20]->[7]->[15]->[16]->[18]->[19]->[11]
[4]->[22]->[25]->[20]->[7]->[15]->[16]->[18]->[19]->[0]->[2]->[10]->[12]
[4]->[22]->[25]->[20]->[7]->[15]->[16]->[18]->[19]->[0]->[2]->[10]->[12]->[21]->[23]->[1]->[3]->[27]->[8]->[13]
no path found
[4]->[22]->[25]->[20]->[7]->[15]
[4]->[22]->[25]->[20]->[7]->[15]->[16]
[4]->[22]->[25]->[20]->[7]->[15]->[16]->[18]->[19]->[0]->[2]->[10]->[12]->[17]
[4]->[22]->[25]->[20]->[7]->[15]->[16]->[18]
[4]->[22]->[25]->[20]->[7]->[15]->[16]->[18]->[19]
[4]->[22]->[25]->[20]
[4]->[22]->[25]->[20]->[7]->[15]->[16]->[18]->[19]->[0]->[2]->[10]->[12]->[21]
[4]->[22]
[4]->[22]->[25]->[20]->[7]->[15]->[16]->[18]->[19]->[0]->[2]->[10]->[12]->[21]->[23]
[4]->[22]->[25]->[20]->[7]->[15]->[16]->[18]->[19]->[24]
[4]->[22]->[25]
[4]->[22]->[25]->[20]->[7]->[15]->[16]->[18]->[19]->[24]->[26]
[4]->[22]->[25]->[20]->[7]->[15]->[16]->[18]->[19]->[0]->[2]->[10]->[12]->[21]->[23]->[1]->[3]->[27]
no path found
[4]->[22]->[25]->[20]->[7]->[15]->[16]->[18]->[19]->[0]->[2]->[10]->[12]->[21]->[23]->[1]->[3]->[27]->[8]->[13]->[29]
