[5]->[1]->[3]->[10]->[12]->[17]->[21]->[23]->[0]
[5]->[1]
[5]->[1]->[2]
[5]->[1]->[3]
[5]->[1]->[3]->[10]->[12]->[17]->[21]->[23]->[0]->[16]->[19]->[20]->[25]->[4]
[5]
no path found
[5]->[1]->[3]->[10]->[12]->[17]->[21]->[23]->[0]->[16]->[19]->[7]
[5]->[1]->[3]->[27]->[8]
[5]->[1]->[3]->[10]->[12]->[17]->[21]->[23]->[0]->[16]->[19]->[24]->[26]->[9]
[5]->[1]->[3]->[10]
[5]->[1]->[3]->[10]->[12]->[17]->[21]->[23]->[0]->[16]->[19]->[7]->[11]
[5]->[1]->[3]->[10]->[12]
[5]->[1]->[3]->[27]->[8]->[13]
no path found
[5]->[1]->[3]->[10]->[12]->[17]->[21]->[23]->[0]->[16]->[19]->[7]->[15]
[5]->[1]->[3]->[10]->[12]->[17]->[21]->[23]->[0]->[16]
[5]->[1]->[3]->[10]->[12]->[17]
[5]->[1]->[3]->[10]->[12]->[17]->[21]->[23]->[0]->[16]->[19]->[7]->[15]->[18]
[5]->[1]->[3]->[10]->[12]->[17]->[21]->[23]->[0]->[16]->[19]
[5]->[1]->[3]->[10]->[12]->[17]->[21]->[23]->[0]->[16]->[19]->[20]
[5]->[1]->[3]->[10]->[12]->[17]->[21]
[5]->[1]->[3]->[10]->[12]->[17]->[21]->[23]->[0]->[16]->[19]->[20]->[25]->[4]->[22]
[5]->[1]->[3]->[10]->[12]->[17]->[21]->[23]
[5]->[1]->[3]->[10]->[12]->[17]->[21]->[23]->[0]->[16]->[19]->[24]
[5]->[1]->[3]->[10]->[12]->[17]->[21]->[23]->[0]->[16]->[19]->[20]->[25]
[5]->[1]->[3]->[10]->[12]->[17]->[21]->[23]->[0]->[16]->[19]->[24]->[26]
[5]->[1]->[3]->[27]
no path found
[5]->[1]->[3]->[27]->[8]->[13]->[29]
