[7]->[15]->[16]->[18]->[19]->[0]
[7]->[15]->[16]->[18]->[19]->[0]->[2]->[10]->[12]->[21]->[23]->[1]
[7]->[15]->[16]->[18]->[19]->[0]->[2]
[7]->[15]->[16]->[18]->[19]->[0]->[2]->[10]->[12]->[21]->[23]->[1]->[3]
[7]->[15]->[16]->[18]->[19]->[20]->[25]->[4]
[7]->[15]->[16]->[18]->[19]->[0]->[2]->[10]->[12]->[21]->[23]->[1]->[5]
no path found
[7]
[7]->[15]->[16]->[18]->[19]->[0]->[2]->[10]->[12]->[21]->[23]->[1]->[3]->[27]->[8]
[7]->[15]->[16]->[18]->[19]->[24]->[26]->[9]
[7]->[15]->[16]->[18]->[19]->[0]->[2]->[10]
[7]->[11]
[7]->[15]->[16]->[18]->[19]->[0]->[2]->[10]->[12]
[7]->[15]->[16]->[18]->[19]->[0]->[2]->[10]->[12]->[21]->[23]->[1]->[3]->[27]->[8]->[13]
no path found
[7]->[15]
[7]->[15]->[16]
[7]->[15]->[16]->[18]->[19]->[0]->[2]->[10]->[12]->[17]
[7]->[15]->[16]->[18]
[7]->[15]->[16]->[18]->[19]
[7]->[15]->[16]->[18]->[19]->[20]
[7]->[15]->[16]->[18]->[19]->[0]->[2]->[10]->[12]->[21]
[7]->[15]->[16]->[18]->[19]->[20]->[25]->[4]->[22]
[7]->[15]->[16]->[18]->[19]->[0]->[2]->[10]->[12]->[21]->[23]
[7]->[15]->[16]->[18]->[19]->[24]
[7]->[15]->[16]->[18]->[19]->[20]->[25]
[7]->[15]->[16]->[18]->[19]->[24]->[26]
[7]->[15]->[16]->[18]->[19]->[0]->[2]->[10]->[12]->[21]->[23]->[1]->[3]->[27]
no path found
[7]->[15]->[16]->[18]->[19]->[0]->[2]->[10]->[12]->[21]->[23]->[1]->[3]->[27]->[8]->[13]->[29]
