[8]->[13]->[27]->[3]->[1]->[5]->[10]->[17]->[21]->[23]->[0]
[8]->[13]->[27]->[3]->[1]
[8]->[13]->[27]->[3]->[1]->[5]->[10]->[17]->[2]
[8]->[13]->[27]->[3]
[8]->[13]->[27]->[3]->[1]->[5]->[10]->[17]->[21]->[23]->[0]->[16]->[19]->[20]->[25]->[4]
[8]->[13]->[27]->[3]->[1]->[5]
no path found
[8]->[13]->[27]->[3]->[1]->[5]->[10]->[17]->[21]->[23]->[0]->[16]->[19]->[7]
[8]
[8]->[13]->[27]->[3]->[1]->[5]->[10]->[17]->[21]->[23]->[0]->[16]->[19]->[24]->[26]->[9]
[8]->[13]->[27]->[3]->[1]->[5]->[10]
[8]->[13]->[27]->[3]->[1]->[5]->[10]->[17]->[21]->[23]->[0]->[16]->[19]->[7]->[11]
[8]->[13]->[27]->[3]->[1]->[5]->[10]->[12]
[8]->[13]
no path found
[8]->[13]->[27]->[3]->[1]->[5]->[10]->[17]->[21]->[23]->[0]->[16]->[19]->[7]->[15]
[8]->[13]->[27]->[3]->[1]->[5]->[10]->[17]->[21]->[23]->[0]->[16]
[8]->[13]->[27]->[3]->[1]->[5]->[10]->[17]
[8]->[13]->[27]->[3]->[1]->[5]->[10]->[17]->[21]->[23]->[0]->[16]->[19]->[7]->[15]->[18]
[8]->[13]->[27]->[3]->[1]->[5]->[10]->[17]->[21]->[23]->[0]->[16]->[19]
[8]->[13]->[27]->[3]->[1]->[5]->[10]->[17]->[21]->[23]->[0]->[16]->[19]->[20]
[8]->[13]->[27]->[3]->[1]->[5]->[10]->[17]->[21]
[8]->[13]->[27]->[3]->[1]->[5]->[10]->[17]->[21]->[23]->[0]->[16]->[19]->[20]->[25]->[4]->[22]
[8]->[13]->[27]->[3]->[1]->[5]->[10]->[17]->[21]->[23]
[8]->[13]->[27]->[3]->[1]->[5]->[10]->[17]->[21]->[23]->[0]->[16]->[19]->[24]
[8]->[13]->[27]->[3]->[1]->[5]->[10]->[17]->[21]->[23]->[0]->[16]->[19]->[20]->[25]
[8]->[13]->[27]->[3]->[1]->[5]->[10]->[17]->[21]->[23]->[0]->[16]->[19]->[24]->[26]
[8]->[13]->[27]
no path found
[8]->[13]->[27]->[29]
