[9]->[11]->[24]->[26]->[7]->[16]->[18]->[19]->[0]
[9]->[11]->[24]->[26]->[7]->[16]->[18]->[19]->[0]->[2]->[10]->[12]->[21]->[23]->[1]
[9]->[11]->[24]->[26]->[7]->[16]->[18]->[19]->[0]->[2]
[9]->[11]->[24]->[26]->[7]->[16]->[18]->[19]->[0]->[2]->[10]->[12]->[21]->[23]->[1]->[3]
[9]->[11]->[24]->[26]->[7]->[16]->[18]->[19]->[20]->[25]->[4]
[9]->[11]->[24]->[26]->[7]->[16]->[18]->[19]->[0]->[2]->[10]->[12]->[21]->[23]->[1]->[5]
no path found
[9]->[11]->[24]->[26]->[7]
[9]->[11]->[24]->[26]->[7]->[16]->[18]->[19]->[0]->[2]->[10]->[12]->[21]->[23]->[1]->[3]->[27]->[8]
[9]
[9]->[11]->[24]->[26]->[7]->[16]->[18]->[19]->[0]->[2]->[10]
[9]->[11]
[9]->[11]->[24]->[26]->[7]->[16]->[18]->[19]->[0]->[2]->[10]->[12]
[9]->[11]->[24]->[26]->[7]->[16]->[18]->[19]->[0]->[2]->[10]->[12]->[21]->[23]->[1]->[3]->[27]->[8]->[13]
no path found
[9]->[11]->[24]->[26]->[7]->[15]
[9]->[11]->[24]->[26]->[7]->[16]
[9]->[11]->[24]->[26]->[7]->[16]->[18]->[19]->[0]->[2]->[10]->[12]->[17]
[9]->[11]->[24]->[26]->[7]->[16]->[18]
[9]->[11]->[24]->[26]->[7]->[16]->[18]->[19]
[9]->[11]->[24]->[26]->[7]->[16]->[18]->[19]->[20]
[9]->[11]->[24]->[26]->[7]->[16]->[18]->[19]->[0]->[2]->[10]->[12]->[21]
[9]->[11]->[24]->[26]->[7]->[16]->[18]->[19]->[20]->[25]->[4]->[22]
[9]->[11]->[24]->[26]->[7]->[16]->[18]->[19]->[0]->[2]->[10]->[12]->[21]->[23]
[9]->[11]->[24]
[9]->[11]->[24]->[26]->[7]->[16]->[18]->[19]->[20]->[25]
[9]->[11]->[24]->[26]
[9]->[11]->[24]->[26]->[7]->[16]->[18]->[19]->[0]->[2]->[10]->[12]->[21]->[23]->[1]->[3]->[27]
no path found
[9]->[11]->[24]->[26]->[7]->[16]->[18]->[19]->[0]->[2]->[10]->[12]->[21]->[23]->[1]->[3]->[27]->[8]->[13]->[29]
